Microchip Technology Inc, v1.36 (A)

Tool Name:
  c:\program files (x86)\microchip\xc16\v1.36\bin\bin\..\bin/elf-ld.exe

Command:
  -p24FV32KA302 \
  -o \
  dist/default/production/EMMS_Code_CommandBoard.X.production.elf \
  -Lc:/program files (x86)/microchip/xc16/v1.36/bin/bin/.. \
  -Lc:/program files (x86)/microchip/xc16/v1.36/bin/bin/../../lib \
  -Lc:/program files (x86)/microchip/xc16/v1.36/bin/bin/../../support/PIC24E/gld \
  -Lc:/program files (x86)/microchip/xc16/v1.36/bin/bin/../../support/PIC24F/gld \
  -Lc:/program files (x86)/microchip/xc16/v1.36/bin/bin/../../support/PIC24H/gld \
  -Lc:/program files (x86)/microchip/xc16/v1.36/bin/bin/../../support/dsPIC30F/gld \
  -Lc:/program files (x86)/microchip/xc16/v1.36/bin/bin/../../support/dsPIC33C/gld \
  -Lc:/program files (x86)/microchip/xc16/v1.36/bin/bin/../../support/dsPIC33E/gld \
  -Lc:/program files (x86)/microchip/xc16/v1.36/bin/bin/../../support/dsPIC33F/gld \
  build/default/production/PowerMain.o \
  build/default/production/PowerConfiguration.o \
  build/default/production/EEPROM.o \
  build/default/production/Power.o \
  build/default/production/PowerUART.o \
  build/default/production/PowerSurvive.o \
  build/default/production/I2C_RTCC.o \
  build/default/production/OC_PWM.o \
  build/default/production/Delays.o \
  build/default/production/MasterComm.o \
  build/default/production/DisplayRTCC.o \
  --defsym=__MPLAB_BUILD=1 \
  -Tp24FV32KA302.gld.00 \
  --stack=16 \
  --check-sections \
  --data-init \
  --pack-data \
  --handles \
  --isr \
  --no-gc-sections \
  --fill-upper=0 \
  --stackguard=16 \
  --no-force-link \
  --smart-io \
  -Map=dist/default/production/EMMS_Code_CommandBoard.X.production.map \
  --report-mem \
  --memorysummary \
  dist/default/production/memoryfile.xml \
  -start-group \
  --library=pic30-elf \
  --library=m-elf \
  --library=c-elf \
  -end-group \


Optional library libpPIC24Fxxx.a not found
Archive member included because of file (symbol)

c:/program files (x86)/microchip/xc16/v1.36/bin/bin/../../lib\libpic30-elf.a(crt0_standard.o)
                              (__resetPRI)
c:/program files (x86)/microchip/xc16/v1.36/bin/bin/../../lib\libpic30-elf.a(data_init_standard.o)
                              c:/program files (x86)/microchip/xc16/v1.36/bin/bin/../../lib\libpic30-elf.a(crt0_standard.o) (__data_init_standard)
c:/program files (x86)/microchip/xc16/v1.36/bin/bin/../../lib\libpic30-elf.a(crt_start_mode_normal.eo)
                              (__crt_start_mode_normal)
c:/program files (x86)/microchip/xc16/v1.36/bin/bin/../../lib\libm-elf.a(udivsi3.eo)
                              build/default/production/OC_PWM.o (___udivsi3)
c:/program files (x86)/microchip/xc16/v1.36/bin/bin/../../lib\libc-elf.a(atoi.eo)
                              build/default/production/PowerMain.o (_atoi)
c:/program files (x86)/microchip/xc16/v1.36/bin/bin/../../lib\libc-elf.a(itoa.eo)
                              build/default/production/PowerMain.o (_itoa)
c:/program files (x86)/microchip/xc16/v1.36/bin/bin/../../lib\libc-elf.a(ltoa.eo)
                              build/default/production/PowerMain.o (_ultoa)
c:/program files (x86)/microchip/xc16/v1.36/bin/bin/../../lib\libc-elf.a(strtol.eo)
                              build/default/production/PowerMain.o (_strtoul)
c:/program files (x86)/microchip/xc16/v1.36/bin/bin/../../lib\libc-elf.a(errno.elo)
                              c:/program files (x86)/microchip/xc16/v1.36/bin/bin/../../lib\libc-elf.a(strtol.eo) (_errno)
c:/program files (x86)/microchip/xc16/v1.36/bin/bin/../../lib\libc-elf.a(isalpha.eso)
                              c:/program files (x86)/microchip/xc16/v1.36/bin/bin/../../lib\libc-elf.a(strtol.eo) (_isalpha)
c:/program files (x86)/microchip/xc16/v1.36/bin/bin/../../lib\libc-elf.a(isspace.eso)
                              c:/program files (x86)/microchip/xc16/v1.36/bin/bin/../../lib\libc-elf.a(strtol.eo) (_isspace)
c:/program files (x86)/microchip/xc16/v1.36/bin/bin/../../lib\libc-elf.a(toupper.eso)
                              c:/program files (x86)/microchip/xc16/v1.36/bin/bin/../../lib\libc-elf.a(strtol.eo) (_toupper)
c:/program files (x86)/microchip/xc16/v1.36/bin/bin/../../lib\libm-elf.a(umodsi3.eo)
                              c:/program files (x86)/microchip/xc16/v1.36/bin/bin/../../lib\libc-elf.a(ltoa.eo) (___umodsi3)
c:/program files (x86)/microchip/xc16/v1.36/bin/bin/../../lib\libm-elf.a(mulsi3.eo)
                              c:/program files (x86)/microchip/xc16/v1.36/bin/bin/../../lib\libc-elf.a(strtol.eo) (___mulsi3)


Selected CodeGuard Options:
  FGS:GWRP:OFF
  FGS:GSS0:OFF
  FBS:BWRP:OFF
  FBS:BSS:OFF

CodeGuard FLASH Memory:
  boot    (none)
  secure  (none)
  general 0x200 to 0x57fe

CodeGuard RAM Memory:
  general 0x800 to 0xfff
  secure  (none)
  boot    (none)

CodeGuard EEPROM Memory:
  general 0x7ffe00 to 0x7fffff
  secure  (none)
  boot    (none)


xc16-ld 1.36 (A)

"program" Memory  [Origin = 0x200, Length = 0x5600]

[...]
Memory Configuration

Name             Origin             Length             Attributes
data             0x000800           0x000800           a !xr
reset            0x000000           0x000004  
ivt              0x000004           0x0000fc  
_reserved        0x000100           0x000004  
aivt             0x000104           0x0000fc  
program          0x000200           0x005600           xr
eedata           0x7ffe00           0x000200  
FBS              0xf80000           0x000002  
FGS              0xf80004           0x000002  
FOSCSEL          0xf80006           0x000002  
FOSC             0xf80008           0x000002  
FWDT             0xf8000a           0x000002  
FPOR             0xf8000c           0x000002  
FICD             0xf8000e           0x000002  
FDS              0xf80010           0x000002  
*default*        0x000000           0xffffffff  

Linker script and memory map

LOAD build/default/production/PowerMain.o
LOAD build/default/production/PowerConfiguration.o
LOAD build/default/production/EEPROM.o
LOAD build/default/production/Power.o
LOAD build/default/production/PowerUART.o
LOAD build/default/production/PowerSurvive.o
LOAD build/default/production/I2C_RTCC.o
LOAD build/default/production/OC_PWM.o
LOAD build/default/production/Delays.o
LOAD build/default/production/MasterComm.o
LOAD build/default/production/DisplayRTCC.o
                    0x0001                  __MPLAB_BUILD = 0x1
LOAD pPIC24Fxxx
LOAD c:/program files (x86)/microchip/xc16/v1.36/bin/bin/../../lib\libfx-elf.a
                    0xf80000                  __FBS = 0xf80000
                    0xf80004                  __FGS = 0xf80004
                    0xf80006                  __FOSCSEL = 0xf80006
                    0xf80008                  __FOSC = 0xf80008
                    0xf8000a                  __FWDT = 0xf8000a
                    0xf8000c                  __FPOR = 0xf8000c
                    0xf8000e                  __FICD = 0xf8000e
                    0xf80010                  __FDS = 0xf80010
                    0x0001                  __NO_HANDLES = 0x1
                    0x0200                  __CODE_BASE = 0x200
                    0x5600                  __CODE_LENGTH = 0x5600
                    0x0004                  __IVT_BASE = 0x4
                    0x0104                  __AIVT_BASE = 0x104
                    0x0800                  __DATA_BASE = 0x800
                    0x0800                  __DATA_LENGTH = 0x800

.reset            0x000000          0x4
                  0x000000          0x2 SHORT 0x200 ABSOLUTE (__reset)
                  0x000001          0x2 SHORT 0x4
                  0x000002          0x2 SHORT 0x0 ((ABSOLUTE (__reset) >> 0x10) & 0x7f)
                  0x000003          0x2 SHORT 0x0

.text             0x000200        0x55c
 *(.init)
 .init            0x000200         0x4c c:/program files (x86)/microchip/xc16/v1.36/bin/bin/../../lib\libpic30-elf.a(crt0_standard.o)
                  0x000200                  __resetPRI
                  0x000200                  __reset
                  0x00023c                  __psv_init
 .init            0x00024c         0x7c c:/program files (x86)/microchip/xc16/v1.36/bin/bin/../../lib\libpic30-elf.a(data_init_standard.o)
                  0x000252                  __data_init_standard
                  0x000252                  __data_init
 *(.user_init)
 *(.handle)
 *(.isr*)
 .isr.text        0x0002c8        0x164 build/default/production/PowerUART.o
                  0x0002c8                  __U2RXInterrupt
                  0x000368                  __U2ErrInterrupt
                  0x00037a                  __U1RXInterrupt
                  0x00041a                  __U1ErrInterrupt
 .isr.text        0x00042c         0x36 build/default/production/PowerSurvive.o
                  0x00042c                  __CNInterrupt
 .isr             0x000462          0x4 default_isr
                  0x000462                  __DefaultInterrupt
 *(.libc)
 .libc            0x000466         0x14 c:/program files (x86)/microchip/xc16/v1.36/bin/bin/../../lib\libc-elf.a(isalpha.eso)
                  0x000466                  _isalpha
 .libc            0x00047a         0x10 c:/program files (x86)/microchip/xc16/v1.36/bin/bin/../../lib\libc-elf.a(isspace.eso)
                  0x00047a                  _isspace
 .libc            0x00048a          0xe c:/program files (x86)/microchip/xc16/v1.36/bin/bin/../../lib\libc-elf.a(toupper.eso)
                  0x00048a                  _toupper
 *(.libm)
 *(.libdsp)
 *(.lib*)
 .libpic30_crt_start_mode
                  0x000498          0x2 c:/program files (x86)/microchip/xc16/v1.36/bin/bin/../../lib\libpic30-elf.a(crt_start_mode_normal.eo)
                  0x000498                  __crt_start_mode
                  0x000498                  __crt_start_mode_normal
 .libm.udivsi3    0x00049a         0x20 c:/program files (x86)/microchip/xc16/v1.36/bin/bin/../../lib\libm-elf.a(udivsi3.eo)
                  0x00049a                  ___udivsi3
 .libc.atoi       0x0004ba         0x3e c:/program files (x86)/microchip/xc16/v1.36/bin/bin/../../lib\libc-elf.a(atoi.eo)
                  0x0004ba                  _atoi
 .libc.utoa       0x0004f8         0x34 c:/program files (x86)/microchip/xc16/v1.36/bin/bin/../../lib\libc-elf.a(itoa.eo)
                  0x0004f8                  _utoa
 .libc.itoa       0x00052c         0x1c c:/program files (x86)/microchip/xc16/v1.36/bin/bin/../../lib\libc-elf.a(itoa.eo)
                  0x00052c                  _itoa
 .libc.ultoa      0x000548         0x4c c:/program files (x86)/microchip/xc16/v1.36/bin/bin/../../lib\libc-elf.a(ltoa.eo)
                  0x000548                  _ultoa
 .libc.ltoa       0x000594         0x20 c:/program files (x86)/microchip/xc16/v1.36/bin/bin/../../lib\libc-elf.a(ltoa.eo)
                  0x000594                  _ltoa
 .libc.strtoul    0x0005b4        0x106 c:/program files (x86)/microchip/xc16/v1.36/bin/bin/../../lib\libc-elf.a(strtol.eo)
                  0x0005b4                  _strtoul
 .libc.strtol     0x0006ba         0x90 c:/program files (x86)/microchip/xc16/v1.36/bin/bin/../../lib\libc-elf.a(strtol.eo)
                  0x0006ba                  _strtol
 .libm.umodsi3    0x00074a          0x6 c:/program files (x86)/microchip/xc16/v1.36/bin/bin/../../lib\libm-elf.a(umodsi3.eo)
                  0x00074a                  ___umodsi3
 .libm.mulsi3     0x000750          0xc c:/program files (x86)/microchip/xc16/v1.36/bin/bin/../../lib\libm-elf.a(mulsi3.eo)
                  0x000750                  ___mulp32peds3
                  0x000750                  ___mulsi3
                  0x000750                  ___mulp32eds3

usercode
 *(usercode)

__FBS             0xf80000          0x2
 *(__FBS.sec*)
 __FBS.sec        0xf80000          0x2 /CW/_FBSƒè
                  0xf80000                  __FBS.sec

__FGS             0xf80004          0x2
 *(__FGS.sec*)
 __FGS.sec        0xf80004          0x2 /CW/_FGSsè
                  0xf80004                  __FGS.sec

__FOSCSEL
 *(__FOSCSEL.sec*)

__FOSC
 *(__FOSC.sec*)

__FWDT
 *(__FWDT.sec*)

__FPOR
 *(__FPOR.sec*)

__FICD
 *(__FICD.sec*)

__FDS
 *(__FDS.sec*)

.comment
 *(.comment)

.debug_info       0x000000       0x9108
 *(.debug_info)
 .debug_info      0x000000       0x2f6b build/default/production/PowerMain.o
 .debug_info      0x002f6b        0xeb7 build/default/production/EEPROM.o
 .debug_info      0x003e22        0x3f8 build/default/production/Power.o
 .debug_info      0x00421a       0x14a3 build/default/production/PowerUART.o
 .debug_info      0x0056bd        0xd3d build/default/production/PowerSurvive.o
 .debug_info      0x0063fa        0xb01 build/default/production/I2C_RTCC.o
 .debug_info      0x006efb        0x59c build/default/production/OC_PWM.o
 .debug_info      0x007497        0x1b1 build/default/production/Delays.o
 .debug_info      0x007648       0x146d build/default/production/MasterComm.o
 .debug_info      0x008ab5        0x653 build/default/production/DisplayRTCC.o
 *(.gnu.linkonce.wi.*)

.debug_abbrev     0x000000        0xc53
 *(.debug_abbrev)
 .debug_abbrev    0x000000        0x248 build/default/production/PowerMain.o
 .debug_abbrev    0x000248          0x1 build/default/production/PowerConfiguration.o
 .debug_abbrev    0x000249        0x185 build/default/production/EEPROM.o
 .debug_abbrev    0x0003ce         0xac build/default/production/Power.o
 .debug_abbrev    0x00047a        0x123 build/default/production/PowerUART.o
 .debug_abbrev    0x00059d         0xe3 build/default/production/PowerSurvive.o
 .debug_abbrev    0x000680        0x1c8 build/default/production/I2C_RTCC.o
 .debug_abbrev    0x000848         0xb5 build/default/production/OC_PWM.o
 .debug_abbrev    0x0008fd         0x69 build/default/production/Delays.o
 .debug_abbrev    0x000966        0x1cd build/default/production/MasterComm.o
 .debug_abbrev    0x000b33        0x120 build/default/production/DisplayRTCC.o

.debug_line       0x000000       0x1236
 *(.debug_line)
 .debug_line      0x000000        0x496 build/default/production/PowerMain.o
 .debug_line      0x000496         0x1a build/default/production/PowerConfiguration.o
 .debug_line      0x0004b0        0x346 build/default/production/EEPROM.o
 .debug_line      0x0007f6        0x123 build/default/production/Power.o
 .debug_line      0x000919        0x188 build/default/production/PowerUART.o
 .debug_line      0x000aa1        0x108 build/default/production/PowerSurvive.o
 .debug_line      0x000ba9        0x1bc build/default/production/I2C_RTCC.o
 .debug_line      0x000d65        0x126 build/default/production/OC_PWM.o
 .debug_line      0x000e8b         0x42 build/default/production/Delays.o
 .debug_line      0x000ecd        0x222 build/default/production/MasterComm.o
 .debug_line      0x0010ef        0x147 build/default/production/DisplayRTCC.o

.debug_frame      0x000000       0x100e
 *(.debug_frame)
 .debug_frame     0x000000        0x650 build/default/production/PowerMain.o
 .debug_frame     0x000650        0x260 build/default/production/EEPROM.o
 .debug_frame     0x0008b0         0x30 build/default/production/Power.o
 .debug_frame     0x0008e0        0x130 build/default/production/PowerUART.o
 .debug_frame     0x000a10         0x8c build/default/production/PowerSurvive.o
 .debug_frame     0x000a9c        0x228 build/default/production/I2C_RTCC.o
 .debug_frame     0x000cc4         0x30 build/default/production/OC_PWM.o
 .debug_frame     0x000cf4         0x68 build/default/production/Delays.o
 .debug_frame     0x000d5c        0x228 build/default/production/MasterComm.o
 .debug_frame     0x000f84         0x8a build/default/production/DisplayRTCC.o

.debug_str        0x000000        0xbdf
 *(.debug_str)
 .debug_str       0x000000        0x474 build/default/production/PowerMain.o
 .debug_str       0x000474        0x34c build/default/production/EEPROM.o
 .debug_str       0x0007c0         0x68 build/default/production/Power.o
 .debug_str       0x000828         0xec build/default/production/PowerUART.o
 .debug_str       0x000914         0x58 build/default/production/PowerSurvive.o
 .debug_str       0x00096c         0xee build/default/production/I2C_RTCC.o
 .debug_str       0x000a5a         0x6e build/default/production/OC_PWM.o
 .debug_str       0x000ac8         0xd9 build/default/production/MasterComm.o
 .debug_str       0x000ba1         0x3e build/default/production/DisplayRTCC.o

.debug_loc
 *(.debug_loc)

.debug_macinfo
 *(.debug_macinfo)

.debug_pubnames
                  0x000000       0x135a
 *(.debug_pubnames)
 .debug_pubnames
                  0x000000        0xcbc build/default/production/PowerMain.o
 .debug_pubnames
                  0x000cbc        0x198 build/default/production/EEPROM.o
 .debug_pubnames
                  0x000e54         0x23 build/default/production/Power.o
 .debug_pubnames
                  0x000e77         0x89 build/default/production/PowerUART.o
 .debug_pubnames
                  0x000f00         0x4c build/default/production/PowerSurvive.o
 .debug_pubnames
                  0x000f4c        0x1c7 build/default/production/I2C_RTCC.o
 .debug_pubnames
                  0x001113         0x21 build/default/production/OC_PWM.o
 .debug_pubnames
                  0x001134         0x3c build/default/production/Delays.o
 .debug_pubnames
                  0x001170        0x1a3 build/default/production/MasterComm.o
 .debug_pubnames
                  0x001313         0x47 build/default/production/DisplayRTCC.o

.debug_ranges
 *(.debug_ranges)

.debug_aranges    0x000000         0xf0
 *(.debug_aranges)
 .debug_aranges
                  0x000000         0x18 build/default/production/PowerMain.o
 .debug_aranges
                  0x000018         0x18 build/default/production/EEPROM.o
 .debug_aranges
                  0x000030         0x18 build/default/production/Power.o
 .debug_aranges
                  0x000048         0x18 build/default/production/PowerUART.o
 .debug_aranges
                  0x000060         0x18 build/default/production/PowerSurvive.o
 .debug_aranges
                  0x000078         0x18 build/default/production/I2C_RTCC.o
 .debug_aranges
                  0x000090         0x18 build/default/production/OC_PWM.o
 .debug_aranges
                  0x0000a8         0x18 build/default/production/Delays.o
 .debug_aranges
                  0x0000c0         0x18 build/default/production/MasterComm.o
 .debug_aranges
                  0x0000d8         0x18 build/default/production/DisplayRTCC.o
                    0x0000                  WREG0 = 0x0
                    0x0000                  _WREG0 = 0x0
                    0x0002                  WREG1 = 0x2
                    0x0002                  _WREG1 = 0x2
                    0x0004                  WREG2 = 0x4
                    0x0004                  _WREG2 = 0x4
                    0x0006                  WREG3 = 0x6
                    0x0006                  _WREG3 = 0x6
                    0x0008                  WREG4 = 0x8
                    0x0008                  _WREG4 = 0x8
                    0x000a                  WREG5 = 0xa
                    0x000a                  _WREG5 = 0xa
                    0x000c                  WREG6 = 0xc
                    0x000c                  _WREG6 = 0xc
                    0x000e                  WREG7 = 0xe
                    0x000e                  _WREG7 = 0xe
                    0x0010                  WREG8 = 0x10
                    0x0010                  _WREG8 = 0x10
                    0x0012                  WREG9 = 0x12
                    0x0012                  _WREG9 = 0x12
                    0x0014                  WREG10 = 0x14
                    0x0014                  _WREG10 = 0x14
                    0x0016                  WREG11 = 0x16
                    0x0016                  _WREG11 = 0x16
                    0x0018                  WREG12 = 0x18
                    0x0018                  _WREG12 = 0x18
                    0x001a                  WREG13 = 0x1a
                    0x001a                  _WREG13 = 0x1a
                    0x001c                  WREG14 = 0x1c
                    0x001c                  _WREG14 = 0x1c
                    0x001e                  WREG15 = 0x1e
                    0x001e                  _WREG15 = 0x1e
                    0x0020                  SPLIM = 0x20
                    0x0020                  _SPLIM = 0x20
                    0x002e                  PCL = 0x2e
                    0x002e                  _PCL = 0x2e
                    0x0030                  PCH = 0x30
                    0x0030                  _PCH = 0x30
                    0x0032                  TBLPAG = 0x32
                    0x0032                  _TBLPAG = 0x32
                    0x0034                  PSVPAG = 0x34
                    0x0034                  _PSVPAG = 0x34
                    0x0036                  RCOUNT = 0x36
                    0x0036                  _RCOUNT = 0x36
                    0x0036                  _RCOUNTbits = 0x36
                    0x0042                  SR = 0x42
                    0x0042                  _SR = 0x42
                    0x0042                  _SRbits = 0x42
                    0x0044                  CORCON = 0x44
                    0x0044                  _CORCON = 0x44
                    0x0044                  _CORCONbits = 0x44
                    0x0052                  DISICNT = 0x52
                    0x0052                  _DISICNT = 0x52
                    0x0056                  CNPD1 = 0x56
                    0x0056                  _CNPD1 = 0x56
                    0x0056                  _CNPD1bits = 0x56
                    0x0058                  CNPD2 = 0x58
                    0x0058                  _CNPD2 = 0x58
                    0x0058                  _CNPD2bits = 0x58
                    0x005a                  CNPD3 = 0x5a
                    0x005a                  _CNPD3 = 0x5a
                    0x0062                  CNEN1 = 0x62
                    0x0062                  _CNEN1 = 0x62
                    0x0062                  _CNEN1bits = 0x62
                    0x0064                  CNEN2 = 0x64
                    0x0064                  _CNEN2 = 0x64
                    0x0064                  _CNEN2bits = 0x64
                    0x0066                  CNEN3 = 0x66
                    0x0066                  _CNEN3 = 0x66
                    0x006e                  CNPU1 = 0x6e
                    0x006e                  _CNPU1 = 0x6e
                    0x006e                  _CNPU1bits = 0x6e
                    0x0070                  CNPU2 = 0x70
                    0x0070                  _CNPU2 = 0x70
                    0x0070                  _CNPU2bits = 0x70
                    0x0072                  CNPU3 = 0x72
                    0x0072                  _CNPU3 = 0x72
                    0x0080                  INTCON1 = 0x80
                    0x0080                  _INTCON1 = 0x80
                    0x0080                  _INTCON1bits = 0x80
                    0x0082                  INTCON2 = 0x82
                    0x0082                  _INTCON2 = 0x82
                    0x0082                  _INTCON2bits = 0x82
                    0x0084                  IFS0 = 0x84
                    0x0084                  _IFS0 = 0x84
                    0x0084                  _IFS0bits = 0x84
                    0x0086                  IFS1 = 0x86
                    0x0086                  _IFS1 = 0x86
                    0x0086                  _IFS1bits = 0x86
                    0x0088                  IFS2 = 0x88
                    0x0088                  _IFS2 = 0x88
                    0x0088                  _IFS2bits = 0x88
                    0x008a                  IFS3 = 0x8a
                    0x008a                  _IFS3 = 0x8a
                    0x008a                  _IFS3bits = 0x8a
                    0x008c                  IFS4 = 0x8c
                    0x008c                  _IFS4 = 0x8c
                    0x008c                  _IFS4bits = 0x8c
                    0x008e                  IFS5 = 0x8e
                    0x008e                  _IFS5 = 0x8e
                    0x008e                  _IFS5bits = 0x8e
                    0x0094                  IEC0 = 0x94
                    0x0094                  _IEC0 = 0x94
                    0x0094                  _IEC0bits = 0x94
                    0x0096                  IEC1 = 0x96
                    0x0096                  _IEC1 = 0x96
                    0x0096                  _IEC1bits = 0x96
                    0x0098                  IEC2 = 0x98
                    0x0098                  _IEC2 = 0x98
                    0x0098                  _IEC2bits = 0x98
                    0x009a                  IEC3 = 0x9a
                    0x009a                  _IEC3 = 0x9a
                    0x009a                  _IEC3bits = 0x9a
                    0x009c                  IEC4 = 0x9c
                    0x009c                  _IEC4 = 0x9c
                    0x009c                  _IEC4bits = 0x9c
                    0x009e                  IEC5 = 0x9e
                    0x009e                  _IEC5 = 0x9e
                    0x009e                  _IEC5bits = 0x9e
                    0x00a4                  IPC0 = 0xa4
                    0x00a4                  _IPC0 = 0xa4
                    0x00a4                  _IPC0bits = 0xa4
                    0x00a6                  IPC1 = 0xa6
                    0x00a6                  _IPC1 = 0xa6
                    0x00a6                  _IPC1bits = 0xa6
                    0x00a8                  IPC2 = 0xa8
                    0x00a8                  _IPC2 = 0xa8
                    0x00a8                  _IPC2bits = 0xa8
                    0x00aa                  IPC3 = 0xaa
                    0x00aa                  _IPC3 = 0xaa
                    0x00aa                  _IPC3bits = 0xaa
                    0x00ac                  IPC4 = 0xac
                    0x00ac                  _IPC4 = 0xac
                    0x00ac                  _IPC4bits = 0xac
                    0x00ae                  IPC5 = 0xae
                    0x00ae                  _IPC5 = 0xae
                    0x00ae                  _IPC5bits = 0xae
                    0x00b0                  IPC6 = 0xb0
                    0x00b0                  _IPC6 = 0xb0
                    0x00b0                  _IPC6bits = 0xb0
                    0x00b2                  IPC7 = 0xb2
                    0x00b2                  _IPC7 = 0xb2
                    0x00b2                  _IPC7bits = 0xb2
                    0x00b4                  IPC8 = 0xb4
                    0x00b4                  _IPC8 = 0xb4
                    0x00b4                  _IPC8bits = 0xb4
                    0x00b6                  IPC9 = 0xb6
                    0x00b6                  _IPC9 = 0xb6
                    0x00b6                  _IPC9bits = 0xb6
                    0x00bc                  IPC12 = 0xbc
                    0x00bc                  _IPC12 = 0xbc
                    0x00bc                  _IPC12bits = 0xbc
                    0x00c2                  IPC15 = 0xc2
                    0x00c2                  _IPC15 = 0xc2
                    0x00c2                  _IPC15bits = 0xc2
                    0x00c4                  IPC16 = 0xc4
                    0x00c4                  _IPC16 = 0xc4
                    0x00c4                  _IPC16bits = 0xc4
                    0x00c8                  IPC18 = 0xc8
                    0x00c8                  _IPC18 = 0xc8
                    0x00c8                  _IPC18bits = 0xc8
                    0x00ca                  IPC19 = 0xca
                    0x00ca                  _IPC19 = 0xca
                    0x00ca                  _IPC19bits = 0xca
                    0x00cc                  IPC20 = 0xcc
                    0x00cc                  _IPC20 = 0xcc
                    0x00cc                  _IPC20bits = 0xcc
                    0x00e0                  INTTREG = 0xe0
                    0x00e0                  _INTTREG = 0xe0
                    0x00e0                  _INTTREGbits = 0xe0
                    0x0100                  TMR1 = 0x100
                    0x0100                  _TMR1 = 0x100
                    0x0102                  PR1 = 0x102
                    0x0102                  _PR1 = 0x102
                    0x0104                  T1CON = 0x104
                    0x0104                  _T1CON = 0x104
                    0x0104                  _T1CONbits = 0x104
                    0x0106                  TMR2 = 0x106
                    0x0106                  _TMR2 = 0x106
                    0x0108                  TMR3HLD = 0x108
                    0x0108                  _TMR3HLD = 0x108
                    0x010a                  TMR3 = 0x10a
                    0x010a                  _TMR3 = 0x10a
                    0x010c                  PR2 = 0x10c
                    0x010c                  _PR2 = 0x10c
                    0x010e                  PR3 = 0x10e
                    0x010e                  _PR3 = 0x10e
                    0x0110                  T2CON = 0x110
                    0x0110                  _T2CON = 0x110
                    0x0110                  _T2CONbits = 0x110
                    0x0112                  T3CON = 0x112
                    0x0112                  _T3CON = 0x112
                    0x0112                  _T3CONbits = 0x112
                    0x0114                  TMR4 = 0x114
                    0x0114                  _TMR4 = 0x114
                    0x0116                  TMR5HLD = 0x116
                    0x0116                  _TMR5HLD = 0x116
                    0x0118                  TMR5 = 0x118
                    0x0118                  _TMR5 = 0x118
                    0x011a                  PR4 = 0x11a
                    0x011a                  _PR4 = 0x11a
                    0x011c                  PR5 = 0x11c
                    0x011c                  _PR5 = 0x11c
                    0x011e                  T4CON = 0x11e
                    0x011e                  _T4CON = 0x11e
                    0x011e                  _T4CONbits = 0x11e
                    0x0120                  T5CON = 0x120
                    0x0120                  _T5CON = 0x120
                    0x0120                  _T5CONbits = 0x120
                    0x0140                  IC1CON1 = 0x140
                    0x0140                  _IC1CON1 = 0x140
                    0x0140                  _IC1CON1bits = 0x140
                    0x0142                  IC1CON2 = 0x142
                    0x0142                  _IC1CON2 = 0x142
                    0x0142                  _IC1CON2bits = 0x142
                    0x0144                  IC1BUF = 0x144
                    0x0144                  _IC1BUF = 0x144
                    0x0146                  IC1TMR = 0x146
                    0x0146                  _IC1TMR = 0x146
                    0x0148                  IC2CON1 = 0x148
                    0x0148                  _IC2CON1 = 0x148
                    0x0148                  _IC2CON1bits = 0x148
                    0x014a                  IC2CON2 = 0x14a
                    0x014a                  _IC2CON2 = 0x14a
                    0x014a                  _IC2CON2bits = 0x14a
                    0x014c                  IC2BUF = 0x14c
                    0x014c                  _IC2BUF = 0x14c
                    0x014e                  IC2TMR = 0x14e
                    0x014e                  _IC2TMR = 0x14e
                    0x0150                  IC3CON1 = 0x150
                    0x0150                  _IC3CON1 = 0x150
                    0x0150                  _IC3CON1bits = 0x150
                    0x0152                  IC3CON2 = 0x152
                    0x0152                  _IC3CON2 = 0x152
                    0x0152                  _IC3CON2bits = 0x152
                    0x0154                  IC3BUF = 0x154
                    0x0154                  _IC3BUF = 0x154
                    0x0156                  IC3TMR = 0x156
                    0x0156                  _IC3TMR = 0x156
                    0x0190                  OC1CON1 = 0x190
                    0x0190                  _OC1CON1 = 0x190
                    0x0190                  _OC1CON1bits = 0x190
                    0x0192                  OC1CON2 = 0x192
                    0x0192                  _OC1CON2 = 0x192
                    0x0192                  _OC1CON2bits = 0x192
                    0x0194                  OC1RS = 0x194
                    0x0194                  _OC1RS = 0x194
                    0x0196                  OC1R = 0x196
                    0x0196                  _OC1R = 0x196
                    0x0198                  OC1TMR = 0x198
                    0x0198                  _OC1TMR = 0x198
                    0x019a                  OC2CON1 = 0x19a
                    0x019a                  _OC2CON1 = 0x19a
                    0x019a                  _OC2CON1bits = 0x19a
                    0x019c                  OC2CON2 = 0x19c
                    0x019c                  _OC2CON2 = 0x19c
                    0x019c                  _OC2CON2bits = 0x19c
                    0x019e                  OC2RS = 0x19e
                    0x019e                  _OC2RS = 0x19e
                    0x01a0                  OC2R = 0x1a0
                    0x01a0                  _OC2R = 0x1a0
                    0x01a2                  OC2TMR = 0x1a2
                    0x01a2                  _OC2TMR = 0x1a2
                    0x01a4                  OC3CON1 = 0x1a4
                    0x01a4                  _OC3CON1 = 0x1a4
                    0x01a4                  _OC3CON1bits = 0x1a4
                    0x01a6                  OC3CON2 = 0x1a6
                    0x01a6                  _OC3CON2 = 0x1a6
                    0x01a6                  _OC3CON2bits = 0x1a6
                    0x01a8                  OC3RS = 0x1a8
                    0x01a8                  _OC3RS = 0x1a8
                    0x01aa                  OC3R = 0x1aa
                    0x01aa                  _OC3R = 0x1aa
                    0x01ac                  OC3TMR = 0x1ac
                    0x01ac                  _OC3TMR = 0x1ac
                    0x0200                  I2C1RCV = 0x200
                    0x0200                  _I2C1RCV = 0x200
                    0x0202                  I2C1TRN = 0x202
                    0x0202                  _I2C1TRN = 0x202
                    0x0204                  I2C1BRG = 0x204
                    0x0204                  _I2C1BRG = 0x204
                    0x0206                  I2C1CON = 0x206
                    0x0206                  _I2C1CON = 0x206
                    0x0206                  _I2C1CONbits = 0x206
                    0x0208                  I2C1STAT = 0x208
                    0x0208                  _I2C1STAT = 0x208
                    0x0208                  _I2C1STATbits = 0x208
                    0x020a                  I2C1ADD = 0x20a
                    0x020a                  _I2C1ADD = 0x20a
                    0x020c                  I2C1MSK = 0x20c
                    0x020c                  _I2C1MSK = 0x20c
                    0x0210                  I2C2RCV = 0x210
                    0x0210                  _I2C2RCV = 0x210
                    0x0212                  I2C2TRN = 0x212
                    0x0212                  _I2C2TRN = 0x212
                    0x0214                  I2C2BRG = 0x214
                    0x0214                  _I2C2BRG = 0x214
                    0x0216                  I2C2CON = 0x216
                    0x0216                  _I2C2CON = 0x216
                    0x0216                  _I2C2CONbits = 0x216
                    0x0218                  I2C2STAT = 0x218
                    0x0218                  _I2C2STAT = 0x218
                    0x0218                  _I2C2STATbits = 0x218
                    0x021a                  I2C2ADD = 0x21a
                    0x021a                  _I2C2ADD = 0x21a
                    0x021c                  I2C2MSK = 0x21c
                    0x021c                  _I2C2MSK = 0x21c
                    0x0220                  U1MODE = 0x220
                    0x0220                  _U1MODE = 0x220
                    0x0220                  _U1MODEbits = 0x220
                    0x0222                  U1STA = 0x222
                    0x0222                  _U1STA = 0x222
                    0x0222                  _U1STAbits = 0x222
                    0x0224                  U1TXREG = 0x224
                    0x0224                  _U1TXREG = 0x224
                    0x0224                  _U1TXREGbits = 0x224
                    0x0226                  U1RXREG = 0x226
                    0x0226                  _U1RXREG = 0x226
                    0x0226                  _U1RXREGbits = 0x226
                    0x0228                  U1BRG = 0x228
                    0x0228                  _U1BRG = 0x228
                    0x0230                  U2MODE = 0x230
                    0x0230                  _U2MODE = 0x230
                    0x0230                  _U2MODEbits = 0x230
                    0x0232                  U2STA = 0x232
                    0x0232                  _U2STA = 0x232
                    0x0232                  _U2STAbits = 0x232
                    0x0234                  U2TXREG = 0x234
                    0x0234                  _U2TXREG = 0x234
                    0x0234                  _U2TXREGbits = 0x234
                    0x0236                  U2RXREG = 0x236
                    0x0236                  _U2RXREG = 0x236
                    0x0236                  _U2RXREGbits = 0x236
                    0x0238                  U2BRG = 0x238
                    0x0238                  _U2BRG = 0x238
                    0x0240                  SPI1STAT = 0x240
                    0x0240                  _SPI1STAT = 0x240
                    0x0240                  _SPI1STATbits = 0x240
                    0x0242                  SPI1CON1 = 0x242
                    0x0242                  _SPI1CON1 = 0x242
                    0x0242                  _SPI1CON1bits = 0x242
                    0x0244                  SPI1CON2 = 0x244
                    0x0244                  _SPI1CON2 = 0x244
                    0x0244                  _SPI1CON2bits = 0x244
                    0x0248                  SPI1BUF = 0x248
                    0x0248                  _SPI1BUF = 0x248
                    0x0260                  SPI2STAT = 0x260
                    0x0260                  _SPI2STAT = 0x260
                    0x0260                  _SPI2STATbits = 0x260
                    0x0262                  SPI2CON1 = 0x262
                    0x0262                  _SPI2CON1 = 0x262
                    0x0262                  _SPI2CON1bits = 0x262
                    0x0264                  SPI2CON2 = 0x264
                    0x0264                  _SPI2CON2 = 0x264
                    0x0264                  _SPI2CON2bits = 0x264
                    0x0268                  SPI2BUF = 0x268
                    0x0268                  _SPI2BUF = 0x268
                    0x02c0                  TRISA = 0x2c0
                    0x02c0                  _TRISA = 0x2c0
                    0x02c0                  _TRISAbits = 0x2c0
                    0x02c2                  PORTA = 0x2c2
                    0x02c2                  _PORTA = 0x2c2
                    0x02c2                  _PORTAbits = 0x2c2
                    0x02c4                  LATA = 0x2c4
                    0x02c4                  _LATA = 0x2c4
                    0x02c4                  _LATAbits = 0x2c4
                    0x02c6                  ODCA = 0x2c6
                    0x02c6                  _ODCA = 0x2c6
                    0x02c6                  _ODCAbits = 0x2c6
                    0x02c8                  TRISB = 0x2c8
                    0x02c8                  _TRISB = 0x2c8
                    0x02c8                  _TRISBbits = 0x2c8
                    0x02ca                  PORTB = 0x2ca
                    0x02ca                  _PORTB = 0x2ca
                    0x02ca                  _PORTBbits = 0x2ca
                    0x02cc                  LATB = 0x2cc
                    0x02cc                  _LATB = 0x2cc
                    0x02cc                  _LATBbits = 0x2cc
                    0x02ce                  ODCB = 0x2ce
                    0x02ce                  _ODCB = 0x2ce
                    0x02ce                  _ODCBbits = 0x2ce
                    0x02fc                  PADCFG1 = 0x2fc
                    0x02fc                  _PADCFG1 = 0x2fc
                    0x02fc                  _PADCFG1bits = 0x2fc
                    0x0300                  ADC1BUF0 = 0x300
                    0x0300                  _ADC1BUF0 = 0x300
                    0x0302                  ADC1BUF1 = 0x302
                    0x0302                  _ADC1BUF1 = 0x302
                    0x0304                  ADC1BUF2 = 0x304
                    0x0304                  _ADC1BUF2 = 0x304
                    0x0306                  ADC1BUF3 = 0x306
                    0x0306                  _ADC1BUF3 = 0x306
                    0x0308                  ADC1BUF4 = 0x308
                    0x0308                  _ADC1BUF4 = 0x308
                    0x030a                  ADC1BUF5 = 0x30a
                    0x030a                  _ADC1BUF5 = 0x30a
                    0x030c                  ADC1BUF6 = 0x30c
                    0x030c                  _ADC1BUF6 = 0x30c
                    0x030e                  ADC1BUF7 = 0x30e
                    0x030e                  _ADC1BUF7 = 0x30e
                    0x0310                  ADC1BUF8 = 0x310
                    0x0310                  _ADC1BUF8 = 0x310
                    0x0312                  ADC1BUF9 = 0x312
                    0x0312                  _ADC1BUF9 = 0x312
                    0x0314                  ADC1BUF10 = 0x314
                    0x0314                  _ADC1BUF10 = 0x314
                    0x0316                  ADC1BUF11 = 0x316
                    0x0316                  _ADC1BUF11 = 0x316
                    0x0318                  ADC1BUF12 = 0x318
                    0x0318                  _ADC1BUF12 = 0x318
                    0x031a                  ADC1BUF13 = 0x31a
                    0x031a                  _ADC1BUF13 = 0x31a
                    0x031c                  ADC1BUF14 = 0x31c
                    0x031c                  _ADC1BUF14 = 0x31c
                    0x031e                  ADC1BUF15 = 0x31e
                    0x031e                  _ADC1BUF15 = 0x31e
                    0x0320                  ADC1BUF16 = 0x320
                    0x0320                  _ADC1BUF16 = 0x320
                    0x0322                  ADC1BUF17 = 0x322
                    0x0322                  _ADC1BUF17 = 0x322
                    0x0340                  AD1CON1 = 0x340
                    0x0340                  _AD1CON1 = 0x340
                    0x0340                  _AD1CON1bits = 0x340
                    0x0342                  AD1CON2 = 0x342
                    0x0342                  _AD1CON2 = 0x342
                    0x0342                  _AD1CON2bits = 0x342
                    0x0344                  AD1CON3 = 0x344
                    0x0344                  _AD1CON3 = 0x344
                    0x0344                  _AD1CON3bits = 0x344
                    0x0348                  AD1CHS = 0x348
                    0x0348                  _AD1CHS = 0x348
                    0x0348                  _AD1CHSbits = 0x348
                    0x034e                  AD1CSSH = 0x34e
                    0x034e                  _AD1CSSH = 0x34e
                    0x034e                  _AD1CSSHbits = 0x34e
                    0x0350                  AD1CSSL = 0x350
                    0x0350                  _AD1CSSL = 0x350
                    0x0350                  _AD1CSSLbits = 0x350
                    0x0354                  AD1CON5 = 0x354
                    0x0354                  _AD1CON5 = 0x354
                    0x0354                  _AD1CON5bits = 0x354
                    0x0356                  AD1CHITH = 0x356
                    0x0356                  _AD1CHITH = 0x356
                    0x0356                  _AD1CHITHbits = 0x356
                    0x0358                  AD1CHITL = 0x358
                    0x0358                  _AD1CHITL = 0x358
                    0x0358                  _AD1CHITLbits = 0x358
                    0x035a                  CTMUCON1 = 0x35a
                    0x035a                  _CTMUCON1 = 0x35a
                    0x035a                  _CTMUCON1bits = 0x35a
                    0x035c                  CTMUCON2 = 0x35c
                    0x035c                  _CTMUCON2 = 0x35c
                    0x035c                  _CTMUCON2bits = 0x35c
                    0x035e                  CTMUICON = 0x35e
                    0x035e                  _CTMUICON = 0x35e
                    0x035e                  _CTMUICONbits = 0x35e
                    0x0360                  AD1CTMUENH = 0x360
                    0x0360                  _AD1CTMUENH = 0x360
                    0x0360                  _AD1CTMUENHbits = 0x360
                    0x0362                  AD1CTMUENL = 0x362
                    0x0362                  _AD1CTMUENL = 0x362
                    0x0362                  _AD1CTMUENLbits = 0x362
                    0x04e0                  ANSA = 0x4e0
                    0x04e0                  _ANSA = 0x4e0
                    0x04e0                  _ANSAbits = 0x4e0
                    0x04e0                  ANSELA = 0x4e0
                    0x04e0                  _ANSELA = 0x4e0
                    0x04e0                  _ANSELAbits = 0x4e0
                    0x04e2                  ANSB = 0x4e2
                    0x04e2                  _ANSB = 0x4e2
                    0x04e2                  _ANSBbits = 0x4e2
                    0x04e2                  ANSELB = 0x4e2
                    0x04e2                  _ANSELB = 0x4e2
                    0x04e2                  _ANSELBbits = 0x4e2
                    0x0620                  ALRMVAL = 0x620
                    0x0620                  _ALRMVAL = 0x620
                    0x0622                  ALCFGRPT = 0x622
                    0x0622                  _ALCFGRPT = 0x622
                    0x0622                  _ALCFGRPTbits = 0x622
                    0x0624                  RTCVAL = 0x624
                    0x0624                  _RTCVAL = 0x624
                    0x0626                  RCFGCAL = 0x626
                    0x0626                  _RCFGCAL = 0x626
                    0x0626                  _RCFGCALbits = 0x626
                    0x0628                  RTCPWC = 0x628
                    0x0628                  _RTCPWC = 0x628
                    0x0628                  _RTCPWCbits = 0x628
                    0x0630                  CMSTAT = 0x630
                    0x0630                  _CMSTAT = 0x630
                    0x0630                  _CMSTATbits = 0x630
                    0x0632                  CVRCON = 0x632
                    0x0632                  _CVRCON = 0x632
                    0x0632                  _CVRCONbits = 0x632
                    0x0634                  CM1CON = 0x634
                    0x0634                  _CM1CON = 0x634
                    0x0634                  _CM1CONbits = 0x634
                    0x0636                  CM2CON = 0x636
                    0x0636                  _CM2CON = 0x636
                    0x0636                  _CM2CONbits = 0x636
                    0x0638                  CM3CON = 0x638
                    0x0638                  _CM3CON = 0x638
                    0x0638                  _CM3CONbits = 0x638
                    0x0640                  CRCCON1 = 0x640
                    0x0640                  _CRCCON1 = 0x640
                    0x0640                  _CRCCON1bits = 0x640
                    0x0642                  CRCCON2 = 0x642
                    0x0642                  _CRCCON2 = 0x642
                    0x0642                  _CRCCON2bits = 0x642
                    0x0644                  CRCXOR = 0x644
                    0x0644                  _CRCXOR = 0x644
                    0x0644                  _CRCXORbits = 0x644
                    0x0644                  CRCXORL = 0x644
                    0x0644                  _CRCXORL = 0x644
                    0x0644                  _CRCXORLbits = 0x644
                    0x0646                  CRCXORH = 0x646
                    0x0646                  _CRCXORH = 0x646
                    0x0646                  _CRCXORHbits = 0x646
                    0x0648                  CRCDAT = 0x648
                    0x0648                  _CRCDAT = 0x648
                    0x0648                  CRCDAT32 = 0x648
                    0x0648                  _CRCDAT32 = 0x648
                    0x0648                  CRCDAT8 = 0x648
                    0x0648                  _CRCDAT8 = 0x648
                    0x0648                  CRCDATL = 0x648
                    0x0648                  _CRCDATL = 0x648
                    0x064a                  CRCDATH = 0x64a
                    0x064a                  _CRCDATH = 0x64a
                    0x064c                  CRCWDAT = 0x64c
                    0x064c                  _CRCWDAT = 0x64c
                    0x064c                  CRCWDATL = 0x64c
                    0x064c                  _CRCWDATL = 0x64c
                    0x064e                  CRCWDATH = 0x64e
                    0x064e                  _CRCWDATH = 0x64e
                    0x0740                  RCON = 0x740
                    0x0740                  _RCON = 0x740
                    0x0740                  _RCONbits = 0x740
                    0x0742                  OSCCON = 0x742
                    0x0742                  _OSCCON = 0x742
                    0x0742                  _OSCCONbits = 0x742
                    0x0742                  OSCCONL = 0x742
                    0x0742                  _OSCCONL = 0x742
                    0x0743                  OSCCONH = 0x743
                    0x0743                  _OSCCONH = 0x743
                    0x0744                  CLKDIV = 0x744
                    0x0744                  _CLKDIV = 0x744
                    0x0744                  _CLKDIVbits = 0x744
                    0x0748                  OSCTUN = 0x748
                    0x0748                  _OSCTUN = 0x748
                    0x0748                  _OSCTUNbits = 0x748
                    0x074e                  REFOCON = 0x74e
                    0x074e                  _REFOCON = 0x74e
                    0x074e                  _REFOCONbits = 0x74e
                    0x0756                  HLVDCON = 0x756
                    0x0756                  _HLVDCON = 0x756
                    0x0756                  _HLVDCONbits = 0x756
                    0x0758                  DSCON = 0x758
                    0x0758                  _DSCON = 0x758
                    0x0758                  _DSCONbits = 0x758
                    0x075a                  DSWAKE = 0x75a
                    0x075a                  _DSWAKE = 0x75a
                    0x075a                  _DSWAKEbits = 0x75a
                    0x075a                  DSWSRC = 0x75a
                    0x075a                  _DSWSRC = 0x75a
                    0x075a                  _DSWSRCbits = 0x75a
                    0x075c                  DSGPR0 = 0x75c
                    0x075c                  _DSGPR0 = 0x75c
                    0x075e                  DSGPR1 = 0x75e
                    0x075e                  _DSGPR1 = 0x75e
                    0x0760                  NVMCON = 0x760
                    0x0760                  _NVMCON = 0x760
                    0x0760                  _NVMCONbits = 0x760
                    0x0766                  NVMKEY = 0x766
                    0x0766                  _NVMKEY = 0x766
                    0x0766                  _NVMKEYbits = 0x766
                    0x0768                  ULPWCON = 0x768
                    0x0768                  _ULPWCON = 0x768
                    0x0768                  _ULPWCONbits = 0x768
                    0x0770                  PMD1 = 0x770
                    0x0770                  _PMD1 = 0x770
                    0x0770                  _PMD1bits = 0x770
                    0x0772                  PMD2 = 0x772
                    0x0772                  _PMD2 = 0x772
                    0x0772                  _PMD2bits = 0x772
                    0x0774                  PMD3 = 0x774
                    0x0774                  _PMD3 = 0x774
                    0x0774                  _PMD3bits = 0x774
                    0x0776                  PMD4 = 0x776
                    0x0776                  _PMD4 = 0x776
                    0x0776                  _PMD4bits = 0x776
                    0x0144                  IC1 = 0x144
                    0x0144                  _IC1 = 0x144
                    0x014c                  IC2 = 0x14c
                    0x014c                  _IC2 = 0x14c
                    0x0154                  IC3 = 0x154
                    0x0154                  _IC3 = 0x154
                    0x0194                  OC1 = 0x194
                    0x0194                  _OC1 = 0x194
                    0x019e                  OC2 = 0x19e
                    0x019e                  _OC2 = 0x19e
                    0x01a8                  OC3 = 0x1a8
                    0x01a8                  _OC3 = 0x1a8
                    0x0240                  SPI1 = 0x240
                    0x0240                  _SPI1 = 0x240
                    0x0260                  SPI2 = 0x260
                    0x0260                  _SPI2 = 0x260
                    0x0220                  UART1 = 0x220
                    0x0220                  _UART1 = 0x220
                    0x0230                  UART2 = 0x230
                    0x0230                  _UART2 = 0x230
START GROUP
LOAD c:/program files (x86)/microchip/xc16/v1.36/bin/bin/../../lib\libpic30-elf.a
LOAD c:/program files (x86)/microchip/xc16/v1.36/bin/bin/../../lib\libm-elf.a
LOAD c:/program files (x86)/microchip/xc16/v1.36/bin/bin/../../lib\libc-elf.a
END GROUP
OUTPUT(dist/default/production/EMMS_Code_CommandBoard.X.production.elf elf32-pic30)
LOAD /CW/_FGSsè
LOAD /CW/_FBSƒè
LOAD default_isr
LOAD data_init

.debug_pubtypes
                  0x0000f0        0x6be
 .debug_pubtypes
                  0x0000f0        0x153 build/default/production/PowerMain.o
 .debug_pubtypes
                  0x000243         0x4c build/default/production/EEPROM.o
 .debug_pubtypes
                  0x00028f         0x3e build/default/production/Power.o
 .debug_pubtypes
                  0x0002cd        0x187 build/default/production/PowerUART.o
 .debug_pubtypes
                  0x000454        0x132 build/default/production/PowerSurvive.o
 .debug_pubtypes
                  0x000586         0x67 build/default/production/I2C_RTCC.o
 .debug_pubtypes
                  0x0005ed         0x78 build/default/production/OC_PWM.o
 .debug_pubtypes
                  0x000665        0x107 build/default/production/MasterComm.o
 .debug_pubtypes
                  0x00076c         0x42 build/default/production/DisplayRTCC.o

__c30_signature
                  0x0007ae         0x7e
 __c30_signature
                  0x0007ae          0x6 build/default/production/PowerMain.o
 __c30_signature
                  0x0007b4          0x6 build/default/production/PowerConfiguration.o
 __c30_signature
                  0x0007ba          0x6 build/default/production/EEPROM.o
 __c30_signature
                  0x0007c0          0x6 build/default/production/Power.o
 __c30_signature
                  0x0007c6          0x6 build/default/production/PowerUART.o
 __c30_signature
                  0x0007cc          0x6 build/default/production/PowerSurvive.o
 __c30_signature
                  0x0007d2          0x6 build/default/production/I2C_RTCC.o
 __c30_signature
                  0x0007d8          0x6 build/default/production/OC_PWM.o
 __c30_signature
                  0x0007de          0x6 build/default/production/Delays.o
 __c30_signature
                  0x0007e4          0x6 build/default/production/MasterComm.o
 __c30_signature
                  0x0007ea          0x6 build/default/production/DisplayRTCC.o
 __c30_signature
                  0x0007f0          0x6 c:/program files (x86)/microchip/xc16/v1.36/bin/bin/../../lib\libpic30-elf.a(crt0_standard.o)
 __c30_signature
                  0x0007f6          0x6 c:/program files (x86)/microchip/xc16/v1.36/bin/bin/../../lib\libpic30-elf.a(data_init_standard.o)
 __c30_signature
                  0x0007fc          0x6 c:/program files (x86)/microchip/xc16/v1.36/bin/bin/../../lib\libm-elf.a(udivsi3.eo)
 __c30_signature
                  0x000802          0x6 c:/program files (x86)/microchip/xc16/v1.36/bin/bin/../../lib\libc-elf.a(atoi.eo)
 __c30_signature
                  0x000808          0x6 c:/program files (x86)/microchip/xc16/v1.36/bin/bin/../../lib\libc-elf.a(itoa.eo)
 __c30_signature
                  0x00080e          0x6 c:/program files (x86)/microchip/xc16/v1.36/bin/bin/../../lib\libc-elf.a(ltoa.eo)
 __c30_signature
                  0x000814          0x6 c:/program files (x86)/microchip/xc16/v1.36/bin/bin/../../lib\libc-elf.a(strtol.eo)
 __c30_signature
                  0x00081a          0x6 c:/program files (x86)/microchip/xc16/v1.36/bin/bin/../../lib\libc-elf.a(errno.elo)
 __c30_signature
                  0x000820          0x6 c:/program files (x86)/microchip/xc16/v1.36/bin/bin/../../lib\libm-elf.a(umodsi3.eo)
 __c30_signature
                  0x000826          0x6 c:/program files (x86)/microchip/xc16/v1.36/bin/bin/../../lib\libm-elf.a(mulsi3.eo)

.nbss               0x0800        0x4a2
 .nbss              0x0800        0x462 build/default/production/PowerMain.o
                    0x0800                  _resetHour
                    0x0801                  _resetMinute
                    0x0802                  _highAlloc
                    0x0806                  _lowAlloc
                    0x080a                  _isHigh
                    0x080b                  _relayActive
                    0x080c                  _passwordSet
                    0x0812                  _emerButtonEnable
                    0x0814                  _emerButtonAlloc
                    0x0816                  _audibleAlarm
                    0x0817                  _alarmOnePower
                    0x0818                  _alarmTwoPower
                    0x0819                  _alarmOneEnabled
                    0x081a                  _alarmTwoEnabled
                    0x081b                  _lastSendSec
                    0x081c                  _sendBuffer1
                    0x0844                  _sendBuffer2
                    0x086c                  _sendBuffer3
                    0x0894                  _sendBuffer4
                    0x08bc                  _sendBuffer5
                    0x08e4                  _sendBlackHole
                    0x090c                  _receivedToProcess
                    0x0935                  _receiveBuffer1
                    0x095e                  _receiveBuffer2
                    0x0987                  _receiveBuffer3
                    0x09b0                  _receiveBuffer4
                    0x09d9                  _receiveBuffer5
                    0x0a02                  _receiveBlackHole
                    0x0a2b                  _receivedCommand
                    0x0a5d                  _receivedAttribute
                    0x0a8f                  _receivedValue
                    0x0ac1                  _sendBuffer1Used
                    0x0ac2                  _sendBuffer2Used
                    0x0ac3                  _sendBuffer3Used
                    0x0ac4                  _sendBuffer4Used
                    0x0ac5                  _sendBuffer5Used
                    0x0ac6                  _receiveBuffer1Used
                    0x0ac7                  _receiveBuffer2Used
                    0x0ac8                  _receiveBuffer3Used
                    0x0ac9                  _receiveBuffer4Used
                    0x0aca                  _receiveBuffer5Used
                    0x0acb                  _readyToProcess
                    0x0acc                  _newSendData
                    0x0acd                  _newReceiveData
                    0x0ace                  _commError
                    0x0acf                  _commErrorTime
                    0x0ad0                  _emerAllocNow
                    0x0ad2                  _emerAllocSend
                    0x0ad4                  _powerDownTime
                    0x0ae0                  _powerUpTime
                    0x0aec                  _newSendDataU2
                    0x0aee                  _sendIndexU2
                    0x0af0                  _receiveIndexU2
                    0x0af2                  _stringToSendU2
                    0x0b1a                  _receiveBufferU2
                    0x0b43                  _newSendDataU1
                    0x0b44                  _sendIndexU1
                    0x0b46                  _receiveIndexU1
                    0x0b48                  _stringToSendU1
                    0x0b70                  _receiveBufferU1
                    0x0b99                  _timeYear
                    0x0b9a                  _timeMonth
                    0x0b9b                  _timeDay
                    0x0b9c                  _timeWeekday
                    0x0b9d                  _timeHour
                    0x0b9e                  _timeMinute
                    0x0b9f                  _timeSecond
                    0x0ba0                  _tempHour
                    0x0ba1                  _tempMin
                    0x0ba2                  _tempMonth
                    0x0ba3                  _tempDay
                    0x0ba4                  _tempYear
                    0x0ba5                  _buffer1
                    0x0bb1                  _buffer2
                    0x0bbd                  _buffer3
                    0x0bc9                  _buffer4
                    0x0bd5                  _buffer5
                    0x0be1                  _buffer6
                    0x0bed                  _buffer7
                    0x0bf9                  _buffer8
                    0x0c06                  _powerBoxCodeVersion
                    0x0c0a                  _displayBoxCodeVersion
                    0x0c0e                  _powerBoxCodeVersionString
                    0x0c18                  _tba_energyAllocation
                    0x0c1c                  _tba_energyUsedLifetime
                    0x0c20                  _tba_energyUsedLastDayReset
                    0x0c24                  _tba_powerWatts
                    0x0c28                  _tba_energyUsedPreviousDay
 .nbss              0x0c62         0x38 build/default/production/MasterComm.o
 .nbss              0x0c9a          0x8 build/default/production/I2C_RTCC.o
                    0x0c9a                  _powerDownMinute
                    0x0c9b                  _powerDownHour
                    0x0c9c                  _powerDownDay
                    0x0c9d                  _powerDownMonth
                    0x0c9e                  _powerUpMinute
                    0x0c9f                  _powerUpHour
                    0x0ca0                  _powerUpDay
                    0x0ca1                  _powerUpMonth

.ndata              0x0ca2          0x6
 .ndata             0x0ca2          0x4 build/default/production/MasterComm.o
 .ndata             0x0ca6          0x2 build/default/production/PowerMain.o

.nbss               0x0ca8          0x2
 .nbss              0x0ca8          0x2 build/default/production/Power.o

.ndata              0x0caa          0x2
 .ndata             0x0caa          0x2 build/default/production/OC_PWM.o

.bss                0x0cac          0x2
 .bss               0x0cac          0x2 c:/program files (x86)/microchip/xc16/v1.36/bin/bin/../../lib\libc-elf.a(errno.elo)
                    0x0cac                  _errno

.config_DSWDTEN
                  0xf80010          0x2
 .config_DSWDTEN
                  0xf80010          0x2 build/default/production/PowerConfiguration.o

.config_ICS       0xf8000e          0x2
 .config_ICS      0xf8000e          0x2 build/default/production/PowerConfiguration.o

.config_MCLRE     0xf8000c          0x2
 .config_MCLRE    0xf8000c          0x2 build/default/production/PowerConfiguration.o

.config_WINDIS    0xf8000a          0x2
 .config_WINDIS
                  0xf8000a          0x2 build/default/production/PowerConfiguration.o

.config_FCKSM     0xf80008          0x2
 .config_FCKSM    0xf80008          0x2 build/default/production/PowerConfiguration.o

.config_IESO      0xf80006          0x2
 .config_IESO     0xf80006          0x2 build/default/production/PowerConfiguration.o

.ivt._U2RXInterrupt
                  0x000050          0x2
 .ivt._U2RXInterrupt
                  0x000050          0x2 build/default/production/PowerUART.o

.ivt._U2ErrInterrupt
                  0x000098          0x2
 .ivt._U2ErrInterrupt
                  0x000098          0x2 build/default/production/PowerUART.o

.ivt._U1RXInterrupt
                  0x00002a          0x2
 .ivt._U1RXInterrupt
                  0x00002a          0x2 build/default/production/PowerUART.o

.ivt._U1ErrInterrupt
                  0x000096          0x2
 .ivt._U1ErrInterrupt
                  0x000096          0x2 build/default/production/PowerUART.o

.ivt._CNInterrupt
                  0x00003a          0x2
 .ivt._CNInterrupt
                  0x00003a          0x2 build/default/production/PowerSurvive.o

.const              0x875c        0x116 load address 0x00075c  
 .const             0x875c         0xce build/default/production/PowerMain.o
 .const             0x882a         0x2a build/default/production/MasterComm.o
 .const             0x8854         0x12 build/default/production/PowerSurvive.o
 .const             0x8866          0xc build/default/production/I2C_RTCC.o

.text             0x000872       0x305e
 .text            0x000872       0x148a build/default/production/PowerMain.o
                  0x000872                  _commInit
                  0x0008ae                  _commFunctions
                  0x0008b8                  _splitReceivedCommand
                  0x000b18                  _sendCommands
                  0x000c7e                  _sendBuffer
                  0x000ccc                  _receiveBuffer
                  0x000d1a                  _flushBuffer
                  0x000d3e                  _stringCopy
                  0x000d76                  _stringConcat
                  0x000db8                  _stringCompare
                  0x000dfc                  _stringLength
                  0x000e22                  _commandBuilder1
                  0x000e66                  _commandBuilder2
                  0x000e98                  _commandBuilder3
                  0x000ece                  _commandBuilder4
                  0x000f08                  _commandBuilder5
                  0x000f46                  _commandExpander
                  0x000fda                  _processReceivedCommand
                  0x0012d4                  _setRemoteTime
                  0x0013d8                  _setRemotePower
                  0x00142c                  _setRemoteAlarm
                  0x001488                  _setRemotePassword
                  0x0014b6                  _setRemoteEmergency
                  0x0014ee                  _setRemoteVersion
                  0x0014fc                  _setRemotePowerDownUpTime
                  0x001512                  _setRemoteResetTime
                  0x00153e                  _setRemoteRelay
                  0x00155c                  _setRemoteStats
                  0x001582                  _setRemoteHL
                  0x0015a0                  _doReset
                  0x0015ae                  _sendUpdate
                  0x0015b6                  _readRemoteTime
                  0x0015c4                  _readRemotePower
                  0x0015d2                  _readRemoteAlarm
                  0x0015e0                  _readRemotePassword
                  0x0015ee                  _readRemoteEmergency
                  0x0015fc                  _readRemoteVersion
                  0x00160a                  _readRemoteResetTime
                  0x001618                  _readRemoteRelay
                  0x001626                  _readRemoteStats
                  0x001634                  _readRemoteHL
                  0x001642                  _readRemotePowerDownUpTime
                  0x001650                  _readUpdate
                  0x00165e                  _main
                  0x00186c                  _init
                  0x001892                  _initVars
                  0x0018de                  _setClock
                  0x001ba4                  _dailyResetCheck
                  0x001bd0                  _dailyReset
                  0x001bf6                  _initPorts
                  0x001c26                  _enablePullDownResistors
                  0x001c2e                  _enableInterrupts
                  0x001c3a                  _disableInterrupts
                  0x001c46                  _readButton
                  0x001c90                  _storeToEE
                  0x001cc2                  _setHighLow
                  0x001ce0                  _initRTCCDisplay
 .text            0x001cfc        0xe22 build/default/production/EEPROM.o
                  0x001cfc                  _EEreadAll
                  0x001d14                  _EEreadPassword
                  0x001d96                  _EEwritePassword
                  0x001ee0                  _EEreadPowerAlloc
                  0x001f0a                  _EEwritePowerAlloc
                  0x001f48                  _EEreadEmerButton
                  0x001f82                  _EEwriteEmerButton
                  0x001fbe                  _EEreadResetTime
                  0x002002                  _EEwriteResetTime
                  0x00204c                  _EEreadAlarm
                  0x0020b4                  _EEwriteAlarm
                  0x00215c                  _EEreadTotals
                  0x0021da                  _EEwriteTotals
                  0x0022ca                  _EEreadPowerUsed
                  0x002436                  _EEwritePowerUsed
                  0x002958                  _EEreadHL
                  0x002980                  _EEwriteHL
                  0x0029bc                  _EEreadRelay
                  0x0029e4                  _EEwriteRelay
                  0x002a20                  _findPowerToRead
                  0x002b0c                  _findPowerToWrite
 .text            0x002b1e        0x668 build/default/production/MasterComm.o
                  0x002b1e                  _communications
                  0x002be8                  _set_current_port
                  0x002c40                  _receive_data
                  0x002cc4                  _process_data
                  0x002cde                  _process_data_parameterize
                  0x002dbc                  _process_data_parameters
                  0x002e7c                  _command_builder1
                  0x002e9e                  _command_builder2
                  0x002ece                  _command_builder3
                  0x002f0c                  _command_builder4
                  0x002f58                  _command_builder_add_char
                  0x002f88                  _command_builder_add_string
                  0x002fb4                  _send_data
                  0x002ffe                  _strmatch
                  0x003028                  _strcmp2
                  0x0030ca                  _SPI_receive_data
                  0x0030ec                  _SPI_send_data
                  0x00310c                  _send_end_of_transmission
                  0x00311a                  _SPIMasterInit
 .text            0x003186        0x3e8 build/default/production/I2C_RTCC.o
                  0x003186                  _readTimeI2C
                  0x00319a                  _readI2CTime
                  0x003214                  _setI2CTime
                  0x0032a8                  _startClock
                  0x0032f0                  _BeginSequentialReadI2C
                  0x003316                  _SequentialReadI2C
                  0x00333a                  _ReadI2CRegister
                  0x00335c                  _readI2CPowerTimes
                  0x00343a                  _IdleI2C
                  0x00344c                  _StartI2C
                  0x00345e                  _StopI2C
                  0x003470                  _RestartI2C
                  0x003482                  _NackI2C
                  0x003496                  _AckI2C
                  0x0034aa                  _initI2C
                  0x0034bc                  _WriteI2C
                  0x0034de                  _ReadI2C
                  0x00350c                  _BcdToDecI2C
                  0x00353c                  _DecToBcdI2C
 .text            0x00356e        0x186 build/default/production/DisplayRTCC.o
                  0x00356e                  _readTime
                  0x0035ce                  _writeTime
                  0x00369a                  _BcdToDec
                  0x0036ba                  _DecToBcd
 .text            0x0036f4         0xd0 build/default/production/OC_PWM.o
                  0x0036f4                  _updateLEDs
 .text            0x0037c4         0xae build/default/production/PowerUART.o
                  0x0037c4                  _initUART
                  0x0037ce                  _initUART2
                  0x003820                  _initUART1
 .text            0x003872         0x5e build/default/production/Delays.o
                  0x003872                  _delayFourUS
                  0x00388a                  _delayMS
                  0x0038b6                  _commDelay

.dinit            0x0038d0         0x3a
 .dinit           0x0038d0         0x3a data_init

.text             0x00390a         0x5e
 .text            0x00390a         0x38 build/default/production/Power.o
                  0x00390a                  _relayControl
 .text            0x003942         0x26 build/default/production/PowerSurvive.o
                  0x003942                  _initPowerLossDetection
                  0x00394e                  _goToSleep

.eedata             0xfe00         0x44 load address 0x7ffe00  
 .eedata            0xfe00         0x44 build/default/production/PowerMain.o
                    0xfe00                  _EEpassword0
                    0xfe02                  _EEpassword1
                    0xfe04                  _EEpassword2
                    0xfe06                  _EEpassword3
                    0xfe08                  _EEpassword4
                    0xfe0a                  _EEpassword5
                    0xfe0c                  _EEpowerAlloc
                    0xfe0e                  _EEemerButton
                    0xfe10                  _EEresetTime
                    0xfe12                  _EEaudibleAlarm
                    0xfe14                  _EEalarmOnePower
                    0xfe16                  _EEalarmTwoPower
                    0xfe18                  _EEtotalUsedH
                    0xfe1a                  _EEtotalUsedL
                    0xfe1c                  _EEpreviousDayUsedH
                    0xfe1e                  _EEpreviousDayUsedL
                    0xfe20                  _EEpowerUsed1H
                    0xfe22                  _EEpowerUsed1L
                    0xfe24                  _EEpowerUsed2H
                    0xfe26                  _EEpowerUsed2L
                    0xfe28                  _EEpowerUsed3H
                    0xfe2a                  _EEpowerUsed3L
                    0xfe2c                  _EEpowerUsed4H
                    0xfe2e                  _EEpowerUsed4L
                    0xfe30                  _EEpowerUsed5H
                    0xfe32                  _EEpowerUsed5L
                    0xfe34                  _EEpowerUsed6H
                    0xfe36                  _EEpowerUsed6L
                    0xfe38                  _EEpowerUsed7H
                    0xfe3a                  _EEpowerUsed7L
                    0xfe3c                  _EEpowerUsed8H
                    0xfe3e                  _EEpowerUsed8L
                    0xfe40                  _EEhighLow
                    0xfe42                  _EErelay
